<?xml version="1.0" encoding="UTF-8"?>
<testsuites name="jest tests" tests="2" failures="0" errors="0" time="0.331">
  <testsuite name="undefined" errors="0" failures="0" skipped="0" timestamp="2025-09-11T05:37:42" time="0.233" tests="1">
    <testcase classname=" health sanity" name=" health sanity" time="0.002">
    </testcase>
  </testsuite>
  <testsuite name="undefined" errors="0" failures="0" skipped="0" timestamp="2025-09-11T05:37:42" time="0.233" tests="1">
    <testcase classname=" dummy passes" name=" dummy passes" time="0.002">
    </testcase>
  </testsuite>
</testsuites>